// Jest Snapshot v1, https://goo.gl/fbAQLP

exports[`<Row /> component render 1`] = `
<div
  className={undefined}
>
  <div
    className=" "
  >
    <div
      className={undefined}
    />
  </div>
  <div
    className=" "
  >
    <div
      className={undefined}
    />
  </div>
  <div
    className=" "
  >
    <div
      className={undefined}
    >
      4
    </div>
  </div>
  <div
    className=" "
  >
    <div
      className={undefined}
    >
      4
    </div>
  </div>
</div>
`;

exports[`<Row /> component render 2`] = `
<div
  className={undefined}
>
  <div
    className=" "
  >
    <div
      className={undefined}
    />
  </div>
  <div
    className=" "
  >
    <div
      className={undefined}
    >
      2
    </div>
  </div>
  <div
    className=" "
  >
    <div
      className={undefined}
    />
  </div>
  <div
    className=" "
  >
    <div
      className={undefined}
    />
  </div>
</div>
`;

exports[`<Row /> component render 3`] = `
<div
  className={undefined}
>
  <div
    className=" "
  >
    <div
      className={undefined}
    >
      4
    </div>
  </div>
  <div
    className=" "
  >
    <div
      className={undefined}
    />
  </div>
  <div
    className=" "
  >
    <div
      className={undefined}
    />
  </div>
  <div
    className=" "
  >
    <div
      className={undefined}
    />
  </div>
</div>
`;

exports[`<Row /> component render 4`] = `
<div
  className={undefined}
>
  <div
    className=" "
  >
    <div
      className={undefined}
    />
  </div>
  <div
    className=" "
  >
    <div
      className={undefined}
    />
  </div>
  <div
    className=" "
  >
    <div
      className={undefined}
    />
  </div>
  <div
    className=" "
  >
    <div
      className={undefined}
    />
  </div>
</div>
`;
